Archive member included to satisfy reference by file (symbol)

/Users/ace/workspace/acecode/rtos/build/debug/libdebug.a(entry.o)
                              (_start)

Discarded input sections

 .data          0x0000000000000000        0x0 /Users/ace/workspace/acecode/rtos/build/debug/libdebug.a(entry.o)
 .bss           0x0000000000000000        0x0 /Users/ace/workspace/acecode/rtos/build/debug/libdebug.a(entry.o)

Memory Configuration

Name             Origin             Length             Attributes
*default*        0x0000000000000000 0xffffffffffffffff

Linker script and memory map

START GROUP
LOAD /Users/ace/workspace/acecode/rtos/build/debug/libdebug.a
LOAD /Users/ace/workspace/acecode/rtos/build/test/libtest.a
LOAD /Users/ace/workspace/esp/xtensa-esp32-elf/bin/../lib/gcc/xtensa-esp32-elf/5.2.0/libgcc.a
LOAD /Users/ace/workspace/esp/xtensa-esp32-elf/bin/../lib/gcc/xtensa-esp32-elf/5.2.0/../../../../xtensa-esp32-elf/lib/libstdc++.a
LOAD /Users/ace/workspace/esp/xtensa-esp32-elf/bin/../lib/gcc/xtensa-esp32-elf/5.2.0/libgcov.a
END GROUP
                [!provide]                        PROVIDE (__executable_start, 0x400000)
                0x0000000000400054                . = (0x400000 + SIZEOF_HEADERS)

.interp
 *(.interp)

.note.gnu.build-id
 *(.note.gnu.build-id)

.hash
 *(.hash)

.gnu.hash
 *(.gnu.hash)

.dynsym
 *(.dynsym)

.dynstr
 *(.dynstr)

.gnu.version
 *(.gnu.version)

.gnu.version_d
 *(.gnu.version_d)

.gnu.version_r
 *(.gnu.version_r)

.rela.dyn
 *(.rela.init)
 *(.rela.text .rela.text.* .rela.gnu.linkonce.t.*)
 *(.rela.fini)
 *(.rela.rodata .rela.rodata.* .rela.gnu.linkonce.r.*)
 *(.rela.data .rela.data.* .rela.gnu.linkonce.d.*)
 *(.rela.tdata .rela.tdata.* .rela.gnu.linkonce.td.*)
 *(.rela.tbss .rela.tbss.* .rela.gnu.linkonce.tb.*)
 *(.rela.ctors)
 *(.rela.dtors)
 *(.rela.got)
 *(.rela.bss .rela.bss.* .rela.gnu.linkonce.b.*)

.rela.plt
 *(.rela.plt)

.text           0x0000000000400054        0x0
 *(.got.plt* .plt*)
 *(.init.literal)
 *(SORT(.init))
 *(.literal .text .stub .literal.* .text.* .gnu.linkonce.literal.* .gnu.linkonce.t.*.literal .gnu.linkonce.t.*)
 .text          0x0000000000400054        0x0 /Users/ace/workspace/acecode/rtos/build/debug/libdebug.a(entry.o)
                0x0000000000400054                _start
 *(.gnu.warning)
 *(.fini.literal)
 *(SORT(.fini))
                [!provide]                        PROVIDE (__etext, .)
                [!provide]                        PROVIDE (_etext, .)
                [!provide]                        PROVIDE (etext, .)

.rodata
 *(.rodata .rodata.* .gnu.linkonce.r.*)

.rodata1
 *(.rodata1)

.got.loc
 *(.got.loc)

.xt_except_table
 *(.xt_except_table .xt_except_table.* .gnu.linkonce.e.*)

.eh_frame_hdr
 *(.eh_frame_hdr)

.eh_frame
 *(.eh_frame)

.gcc_except_table
 *(.gcc_except_table .gcc_except_table.*)
                0x0000000000400054                . = (ALIGN (0x1) + (. & 0x0))

.eh_frame
 *(.eh_frame)

.gcc_except_table
 *(.gcc_except_table .gcc_except_table.*)

.tdata
 *(.tdata .tdata.* .gnu.linkonce.td.*)

.tbss
 *(.tbss .tbss.* .gnu.linkonce.tb.*)
 *(.tcommon)

.preinit_array  0x0000000000400054        0x0
                [!provide]                        PROVIDE (__preinit_array_start, .)
 *(.preinit_array)
                [!provide]                        PROVIDE (__preinit_array_end, .)

.init_array     0x0000000000400054        0x0
                [!provide]                        PROVIDE (__init_array_start, .)
 *(SORT(.init_array.*))
 *(.init_array)
                [!provide]                        PROVIDE (__init_array_end, .)

.fini_array     0x0000000000400054        0x0
                [!provide]                        PROVIDE (__fini_array_start, .)
 *(SORT(.fini_array.*))
 *(.fini_array)
                [!provide]                        PROVIDE (__fini_array_end, .)

.ctors
 *crtbegin.o(.ctors)
 *crtbegin?.o(.ctors)
 *(EXCLUDE_FILE(*crtend?.o *crtend.o) .ctors)
 *(SORT(.ctors.*))
 *(.ctors)

.dtors
 *crtbegin.o(.dtors)
 *crtbegin?.o(.dtors)
 *(EXCLUDE_FILE(*crtend?.o *crtend.o) .dtors)
 *(SORT(.dtors.*))
 *(.dtors)

.jcr
 *(.jcr)

.data.rel.ro
 *(.data.rel.ro.local* .gnu.linkonce.d.rel.ro.local.*)
 *(.data.rel.ro .data.rel.ro.* .gnu.linkonce.d.rel.ro.*)

.xt_except_table
 *(.xt_except_table .xt_except_table.* .gnu.linkonce.e.*)

.dynamic
 *(.dynamic)

.got
 *(.got)

.data
 *(.data .data.* .gnu.linkonce.d.*)

.data1
 *(.data1)

.xt_except_desc
 *(.xt_except_desc .xt_except_desc.* .gnu.linkonce.h.*)
 *(.xt_except_desc_end)

.lit4           0x0000000000400054        0x0
                [!provide]                        PROVIDE (_lit4_start, .)
 *(.lit4 .lit4.* .gnu.linkonce.lit4.*)
                [!provide]                        PROVIDE (_lit4_end, .)
                0x0000000000400054                _edata = .
                [!provide]                        PROVIDE (edata, .)
                0x0000000000400054                __bss_start = .

.bss            0x0000000000400054        0x0
 *(.dynbss)
 *(.bss .bss.* .gnu.linkonce.b.*)
 *(COMMON)
                0x0000000000400054                . = ALIGN ((. != 0x0)?0x4:0x1)
                0x0000000000400054                . = ALIGN (0x4)
                0x0000000000400054                . = ALIGN (0x4)
                0x0000000000400054                _end = .
                [!provide]                        PROVIDE (end, .)

.stab
 *(.stab)

.stabstr
 *(.stabstr)

.stab.excl
 *(.stab.excl)

.stab.exclstr
 *(.stab.exclstr)

.stab.index
 *(.stab.index)

.stab.indexstr
 *(.stab.indexstr)

.comment
 *(.comment)

.xtensa.info    0x0000000000000000       0x38
 .xtensa.info   0x0000000000000000       0x38 /Users/ace/workspace/acecode/rtos/build/debug/libdebug.a(entry.o)

.debug
 *(.debug)

.line
 *(.line)

.debug_srcinfo
 *(.debug_srcinfo)

.debug_sfnames
 *(.debug_sfnames)

.debug_aranges
 *(.debug_aranges)

.debug_pubnames
 *(.debug_pubnames)

.debug_info
 *(.debug_info .gnu.linkonce.wi.*)

.debug_abbrev
 *(.debug_abbrev)

.debug_line
 *(.debug_line .debug_line.* .debug_line_end)

.debug_frame
 *(.debug_frame)

.debug_str
 *(.debug_str)

.debug_loc
 *(.debug_loc)

.debug_macinfo
 *(.debug_macinfo)

.debug_weaknames
 *(.debug_weaknames)

.debug_funcnames
 *(.debug_funcnames)

.debug_typenames
 *(.debug_typenames)

.debug_varnames
 *(.debug_varnames)

.debug_pubtypes
 *(.debug_pubtypes)

.debug_ranges
 *(.debug_ranges)

.debug_macro
 *(.debug_macro)

.gnu.attributes
 *(.gnu.attributes)

.xt.lit
 *(.xt.lit .xt.lit.* .gnu.linkonce.p.*)

.xt.insn
 *(.xt.insn .gnu.linkonce.x.*)

.xt.prop
 *(.xt.prop .xt.prop.* .gnu.linkonce.prop.*)

/DISCARD/
 *(.note.GNU-stack)
 *(.gnu_debuglink)
 *(.gnu.lto_*)
OUTPUT(/Users/ace/workspace/acecode/rtos/build/main.elf elf32-xtensa-le)
